I Creating report in "idf-diag-da67e647-2a65-495a-8109-4570195dae44" directory.
I Searching for device serial port ...
D Port detection: Serial port /dev/ttyUSB0
D /dev/ttyUSB0 failed to connect: Could not open /dev/ttyUSB0, the port is busy or doesn't exist.
D ([Errno 11] Could not exclusively lock port /dev/ttyUSB0: [Errno 11] Resource temporarily unavailable)

D Serial port /dev/ttyS9
D /dev/ttyS9 failed to connect: Could not open /dev/ttyS9, the port is busy or doesn't exist.
D (Could not configure port: (5, 'Input/output error'))

D Serial port /dev/ttyS8
D /dev/ttyS8 failed to connect: Could not open /dev/ttyS8, the port is busy or doesn't exist.
D (Could not configure port: (5, 'Input/output error'))

D Serial port /dev/ttyS7
D /dev/ttyS7 failed to connect: Could not open /dev/ttyS7, the port is busy or doesn't exist.
D (Could not configure port: (5, 'Input/output error'))

D Serial port /dev/ttyS6
D /dev/ttyS6 failed to connect: Could not open /dev/ttyS6, the port is busy or doesn't exist.
D (Could not configure port: (5, 'Input/output error'))

D Serial port /dev/ttyS5
D /dev/ttyS5 failed to connect: Could not open /dev/ttyS5, the port is busy or doesn't exist.
D (Could not configure port: (5, 'Input/output error'))

D Serial port /dev/ttyS4
D /dev/ttyS4 failed to connect: Could not open /dev/ttyS4, the port is busy or doesn't exist.
D (Could not configure port: (5, 'Input/output error'))

D Serial port /dev/ttyS31
D /dev/ttyS31 failed to connect: Could not open /dev/ttyS31, the port is busy or doesn't exist.
D (Could not configure port: (5, 'Input/output error'))

D Serial port /dev/ttyS30
D /dev/ttyS30 failed to connect: Could not open /dev/ttyS30, the port is busy or doesn't exist.
D (Could not configure port: (5, 'Input/output error'))

D Serial port /dev/ttyS3
D /dev/ttyS3 failed to connect: Could not open /dev/ttyS3, the port is busy or doesn't exist.
D (Could not configure port: (5, 'Input/output error'))

D Serial port /dev/ttyS29
D /dev/ttyS29 failed to connect: Could not open /dev/ttyS29, the port is busy or doesn't exist.
D (Could not configure port: (5, 'Input/output error'))

D Serial port /dev/ttyS28
D /dev/ttyS28 failed to connect: Could not open /dev/ttyS28, the port is busy or doesn't exist.
D (Could not configure port: (5, 'Input/output error'))

D Serial port /dev/ttyS27
D /dev/ttyS27 failed to connect: Could not open /dev/ttyS27, the port is busy or doesn't exist.
D (Could not configure port: (5, 'Input/output error'))

D Serial port /dev/ttyS26
D /dev/ttyS26 failed to connect: Could not open /dev/ttyS26, the port is busy or doesn't exist.
D (Could not configure port: (5, 'Input/output error'))

D Serial port /dev/ttyS25
D /dev/ttyS25 failed to connect: Could not open /dev/ttyS25, the port is busy or doesn't exist.
D (Could not configure port: (5, 'Input/output error'))

D Serial port /dev/ttyS24
D /dev/ttyS24 failed to connect: Could not open /dev/ttyS24, the port is busy or doesn't exist.
D (Could not configure port: (5, 'Input/output error'))

D Serial port /dev/ttyS23
D /dev/ttyS23 failed to connect: Could not open /dev/ttyS23, the port is busy or doesn't exist.
D (Could not configure port: (5, 'Input/output error'))

D Serial port /dev/ttyS22
D /dev/ttyS22 failed to connect: Could not open /dev/ttyS22, the port is busy or doesn't exist.
D (Could not configure port: (5, 'Input/output error'))

D Serial port /dev/ttyS21
D /dev/ttyS21 failed to connect: Could not open /dev/ttyS21, the port is busy or doesn't exist.
D (Could not configure port: (5, 'Input/output error'))

D Serial port /dev/ttyS20
D /dev/ttyS20 failed to connect: Could not open /dev/ttyS20, the port is busy or doesn't exist.
D (Could not configure port: (5, 'Input/output error'))

D Serial port /dev/ttyS2
D /dev/ttyS2 failed to connect: Could not open /dev/ttyS2, the port is busy or doesn't exist.
D (Could not configure port: (5, 'Input/output error'))

D Serial port /dev/ttyS19
D /dev/ttyS19 failed to connect: Could not open /dev/ttyS19, the port is busy or doesn't exist.
D (Could not configure port: (5, 'Input/output error'))

D Serial port /dev/ttyS18
D /dev/ttyS18 failed to connect: Could not open /dev/ttyS18, the port is busy or doesn't exist.
D (Could not configure port: (5, 'Input/output error'))

D Serial port /dev/ttyS17
D /dev/ttyS17 failed to connect: Could not open /dev/ttyS17, the port is busy or doesn't exist.
D (Could not configure port: (5, 'Input/output error'))

D Serial port /dev/ttyS16
D /dev/ttyS16 failed to connect: Could not open /dev/ttyS16, the port is busy or doesn't exist.
D (Could not configure port: (5, 'Input/output error'))

D Serial port /dev/ttyS15
D /dev/ttyS15 failed to connect: Could not open /dev/ttyS15, the port is busy or doesn't exist.
D (Could not configure port: (5, 'Input/output error'))

D Serial port /dev/ttyS14
D /dev/ttyS14 failed to connect: Could not open /dev/ttyS14, the port is busy or doesn't exist.
D (Could not configure port: (5, 'Input/output error'))

D Serial port /dev/ttyS13
D /dev/ttyS13 failed to connect: Could not open /dev/ttyS13, the port is busy or doesn't exist.
D (Could not configure port: (5, 'Input/output error'))

D Serial port /dev/ttyS12
D /dev/ttyS12 failed to connect: Could not open /dev/ttyS12, the port is busy or doesn't exist.
D (Could not configure port: (5, 'Input/output error'))

D Serial port /dev/ttyS11
D /dev/ttyS11 failed to connect: Could not open /dev/ttyS11, the port is busy or doesn't exist.
D (Could not configure port: (5, 'Input/output error'))

D Serial port /dev/ttyS10
D /dev/ttyS10 failed to connect: Could not open /dev/ttyS10, the port is busy or doesn't exist.
D (Could not configure port: (5, 'Input/output error'))

D Serial port /dev/ttyS1
D /dev/ttyS1 failed to connect: Could not open /dev/ttyS1, the port is busy or doesn't exist.
D (Could not configure port: (5, 'Input/output error'))

D Serial port /dev/ttyS0
D /dev/ttyS0 failed to connect: Could not open /dev/ttyS0, the port is busy or doesn't exist.
D (Could not configure port: (5, 'Input/output error'))


I Serial port: N/A
W warning: The device serial port is unavailable. Target information will not be gathered.
D Builtin recipes "{'target': '/home/[XXX]/.espressif/python_env/idf6.0_py3.12_env/lib/python3.12/site-packages/esp_idf_diag/data/recipes/target.yml', 'environment': '/home/[XXX]/.espressif/python_env/idf6.0_py3.12_env/lib/python3.12/site-packages/esp_idf_diag/data/recipes/environment.yml', 'tools': '/home/[XXX]/.espressif/python_env/idf6.0_py3.12_env/lib/python3.12/site-packages/esp_idf_diag/data/recipes/tools.yml', 'manager': '/home/[XXX]/.espressif/python_env/idf6.0_py3.12_env/lib/python3.12/site-packages/esp_idf_diag/data/recipes/manager.yml', 'python': '/home/[XXX]/.espressif/python_env/idf6.0_py3.12_env/lib/python3.12/site-packages/esp_idf_diag/data/recipes/python.yml', 'project': '/home/[XXX]/.espressif/python_env/idf6.0_py3.12_env/lib/python3.12/site-packages/esp_idf_diag/data/recipes/project.yml', 'system': '/home/[XXX]/.espressif/python_env/idf6.0_py3.12_env/lib/python3.12/site-packages/esp_idf_diag/data/recipes/system.yml', 'idf': '/home/[XXX]/.espressif/python_env/idf6.0_py3.12_env/lib/python3.12/site-packages/esp_idf_diag/data/recipes/idf.yml'}"
D Recipe files to use "['/home/[XXX]/.espressif/python_env/idf6.0_py3.12_env/lib/python3.12/site-packages/esp_idf_diag/data/recipes/environment.yml', '/home/[XXX]/.espressif/python_env/idf6.0_py3.12_env/lib/python3.12/site-packages/esp_idf_diag/data/recipes/idf.yml', '/home/[XXX]/.espressif/python_env/idf6.0_py3.12_env/lib/python3.12/site-packages/esp_idf_diag/data/recipes/manager.yml', '/home/[XXX]/.espressif/python_env/idf6.0_py3.12_env/lib/python3.12/site-packages/esp_idf_diag/data/recipes/project.yml', '/home/[XXX]/.espressif/python_env/idf6.0_py3.12_env/lib/python3.12/site-packages/esp_idf_diag/data/recipes/python.yml', '/home/[XXX]/.espressif/python_env/idf6.0_py3.12_env/lib/python3.12/site-packages/esp_idf_diag/data/recipes/system.yml', '/home/[XXX]/.espressif/python_env/idf6.0_py3.12_env/lib/python3.12/site-packages/esp_idf_diag/data/recipes/target.yml', '/home/[XXX]/.espressif/python_env/idf6.0_py3.12_env/lib/python3.12/site-packages/esp_idf_diag/data/recipes/tools.yml']"
W warning: Directory "/media/[XXX]/LnDisk_SD_ext4/Filu/GIT-REPO/ESP32/pressControl/build" does not seem to be an ESP-IDF project build directory.
D Recipe variables: {'PROJECT_DIR': '/media/[XXX]/LnDisk_SD_ext4/Filu/GIT-REPO/ESP32/pressControl', 'BUILD_DIR': '/media/[XXX]/LnDisk_SD_ext4/Filu/GIT-REPO/ESP32/pressControl/build', 'IDF_PATH': '/media/[XXX]/LnDisk_SD_ext4/Filu/GIT-REPO/ESP32/esp/esp-idf', 'REPORT_DIR': '/tmp/tmpe9v1tk62/report'}
D Project directory: /media/[XXX]/LnDisk_SD_ext4/Filu/GIT-REPO/ESP32/pressControl
D Build directory: /media/[XXX]/LnDisk_SD_ext4/Filu/GIT-REPO/ESP32/pressControl/build
D System: Linux
D Port: None
D Loading recipe file "/home/[XXX]/.espressif/python_env/idf6.0_py3.12_env/lib/python3.12/site-packages/esp_idf_diag/data/recipes/environment.yml"
D Loading recipe file "/home/[XXX]/.espressif/python_env/idf6.0_py3.12_env/lib/python3.12/site-packages/esp_idf_diag/data/recipes/idf.yml"
D Loading recipe file "/home/[XXX]/.espressif/python_env/idf6.0_py3.12_env/lib/python3.12/site-packages/esp_idf_diag/data/recipes/manager.yml"
D Loading recipe file "/home/[XXX]/.espressif/python_env/idf6.0_py3.12_env/lib/python3.12/site-packages/esp_idf_diag/data/recipes/project.yml"
D Loading recipe file "/home/[XXX]/.espressif/python_env/idf6.0_py3.12_env/lib/python3.12/site-packages/esp_idf_diag/data/recipes/python.yml"
D Loading recipe file "/home/[XXX]/.espressif/python_env/idf6.0_py3.12_env/lib/python3.12/site-packages/esp_idf_diag/data/recipes/system.yml"
D Loading recipe file "/home/[XXX]/.espressif/python_env/idf6.0_py3.12_env/lib/python3.12/site-packages/esp_idf_diag/data/recipes/target.yml"
D Loading recipe file "/home/[XXX]/.espressif/python_env/idf6.0_py3.12_env/lib/python3.12/site-packages/esp_idf_diag/data/recipes/tools.yml"
D Validating recipe file "/home/[XXX]/.espressif/python_env/idf6.0_py3.12_env/lib/python3.12/site-packages/esp_idf_diag/data/recipes/environment.yml"
D Validating recipe file "/home/[XXX]/.espressif/python_env/idf6.0_py3.12_env/lib/python3.12/site-packages/esp_idf_diag/data/recipes/idf.yml"
D Validating recipe file "/home/[XXX]/.espressif/python_env/idf6.0_py3.12_env/lib/python3.12/site-packages/esp_idf_diag/data/recipes/manager.yml"
D Validating recipe file "/home/[XXX]/.espressif/python_env/idf6.0_py3.12_env/lib/python3.12/site-packages/esp_idf_diag/data/recipes/project.yml"
D Validating recipe file "/home/[XXX]/.espressif/python_env/idf6.0_py3.12_env/lib/python3.12/site-packages/esp_idf_diag/data/recipes/python.yml"
D Validating recipe file "/home/[XXX]/.espressif/python_env/idf6.0_py3.12_env/lib/python3.12/site-packages/esp_idf_diag/data/recipes/system.yml"
D Validating recipe file "/home/[XXX]/.espressif/python_env/idf6.0_py3.12_env/lib/python3.12/site-packages/esp_idf_diag/data/recipes/target.yml"
D Validating recipe file "/home/[XXX]/.espressif/python_env/idf6.0_py3.12_env/lib/python3.12/site-packages/esp_idf_diag/data/recipes/tools.yml"
D Purge file: /home/[XXX]/.espressif/python_env/idf6.0_py3.12_env/lib/python3.12/site-packages/esp_idf_diag/data/purge/purge.yml
D Processing recipe "Shell environment information" file "/home/[XXX]/.espressif/python_env/idf6.0_py3.12_env/lib/python3.12/site-packages/esp_idf_diag/data/recipes/environment.yml"
O Shell environment information
D Processing step "Enviromental Variables"
O * Enviromental Variables
D cmd: "{'env': None, 'vars': ['IDF_PATH', 'IDF_PYTHON_ENV_PATH', 'IDF_TOOLS_PATH', 'PATH', 'OPENOCD_SCRIPTS', 'PYTHONPATH', 'MSYSTEM'], 'regex': '.*IDF.*|.*ESP.*', 'output': 'environment.var'}"
D Processing step "Python Environmental Variables"
O * Python Environmental Variables
D cmd: "{'env': None, 'regex': '.*PYTHON.*', 'output': 'python.var'}"
D Processing recipe "Basic ESP-IDF information" file "/home/[XXX]/.espressif/python_env/idf6.0_py3.12_env/lib/python3.12/site-packages/esp_idf_diag/data/recipes/idf.yml"
O Basic ESP-IDF information
D Processing step "ESP-IDF Version"
O * ESP-IDF Version
D cmd: "{'exec': None, 'cmd': 'idf.py --version', 'output': 'esp_idf.ver'}"
D Processing step "ESP-IDF Git Version"
O * ESP-IDF Git Version
D cmd: "{'exec': None, 'cmd': 'git -C /media/[XXX]/LnDisk_SD_ext4/Filu/GIT-REPO/ESP32/esp/esp-idf describe', 'output': 'esp_idf_git.ver'}"
D Processing recipe "IDF Component Manager information" file "/home/[XXX]/.espressif/python_env/idf6.0_py3.12_env/lib/python3.12/site-packages/esp_idf_diag/data/recipes/manager.yml"
O IDF Component Manager information
D Processing step "IDF Component Manager"
O * IDF Component Manager
D cmd: "{'exec': None, 'cmd': 'python -m idf_component_manager version', 'output': 'manager.ver'}"
D cmd: "{'file': None, 'path': '/media/[XXX]/LnDisk_SD_ext4/Filu/GIT-REPO/ESP32/pressControl/dependencies.lock'}"
W warning: File "/media/[XXX]/LnDisk_SD_ext4/Filu/GIT-REPO/ESP32/pressControl/dependencies.lock" does not exist: [Errno 2] No such file or directory: '/media/[XXX]/LnDisk_SD_ext4/Filu/GIT-REPO/ESP32/pressControl/dependencies.lock'
D > exception <class 'FileNotFoundError'>: [Errno 2] No such file or directory: '/media/[XXX]/LnDisk_SD_ext4/Filu/GIT-REPO/ESP32/pressControl/dependencies.lock'
D >   File "/home/[XXX]/.espressif/python_env/idf6.0_py3.12_env/lib/python3.12/site-packages/esp_idf_diag/diag.py", line 845, in cmd_file
D >     shutil.copy(src, dst_path)
D >   File "/usr/lib/python3.12/shutil.py", line 435, in copy
D >     copyfile(src, dst, follow_symlinks=follow_symlinks)
D >   File "/usr/lib/python3.12/shutil.py", line 260, in copyfile
D >     with open(src, 'rb') as fsrc:
D >          ^^^^^^^^^^^^^^^
D cmd: "{'glob': None, 'pattern': 'idf_component.yml', 'recursive': True, 'relative': True, 'path': '/media/[XXX]/LnDisk_SD_ext4/Filu/GIT-REPO/ESP32/pressControl', 'output': 'idf_component/'}"
W warning: No files matching glob "idf_component.yml" found in "/media/[XXX]/LnDisk_SD_ext4/Filu/GIT-REPO/ESP32/pressControl"
D Processing recipe "ESP-IDF project information and artifacts" file "/home/[XXX]/.espressif/python_env/idf6.0_py3.12_env/lib/python3.12/site-packages/esp_idf_diag/data/recipes/project.yml"
O ESP-IDF project information and artifacts
D Processing step "Project Description"
O * Project Description
D cmd: "{'file': None, 'path': '/media/[XXX]/LnDisk_SD_ext4/Filu/GIT-REPO/ESP32/pressControl/build/project_description.json'}"
W warning: File "/media/[XXX]/LnDisk_SD_ext4/Filu/GIT-REPO/ESP32/pressControl/build/project_description.json" does not exist: [Errno 2] No such file or directory: '/media/[XXX]/LnDisk_SD_ext4/Filu/GIT-REPO/ESP32/pressControl/build/project_description.json'
D > exception <class 'FileNotFoundError'>: [Errno 2] No such file or directory: '/media/[XXX]/LnDisk_SD_ext4/Filu/GIT-REPO/ESP32/pressControl/build/project_description.json'
D >   File "/home/[XXX]/.espressif/python_env/idf6.0_py3.12_env/lib/python3.12/site-packages/esp_idf_diag/diag.py", line 845, in cmd_file
D >     shutil.copy(src, dst_path)
D >   File "/usr/lib/python3.12/shutil.py", line 435, in copy
D >     copyfile(src, dst, follow_symlinks=follow_symlinks)
D >   File "/usr/lib/python3.12/shutil.py", line 260, in copyfile
D >     with open(src, 'rb') as fsrc:
D >          ^^^^^^^^^^^^^^^
D Processing step "Compile Commands"
O * Compile Commands
D cmd: "{'file': None, 'path': '/media/[XXX]/LnDisk_SD_ext4/Filu/GIT-REPO/ESP32/pressControl/build/compile_commands.json'}"
W warning: File "/media/[XXX]/LnDisk_SD_ext4/Filu/GIT-REPO/ESP32/pressControl/build/compile_commands.json" does not exist: [Errno 2] No such file or directory: '/media/[XXX]/LnDisk_SD_ext4/Filu/GIT-REPO/ESP32/pressControl/build/compile_commands.json'
D > exception <class 'FileNotFoundError'>: [Errno 2] No such file or directory: '/media/[XXX]/LnDisk_SD_ext4/Filu/GIT-REPO/ESP32/pressControl/build/compile_commands.json'
D >   File "/home/[XXX]/.espressif/python_env/idf6.0_py3.12_env/lib/python3.12/site-packages/esp_idf_diag/diag.py", line 845, in cmd_file
D >     shutil.copy(src, dst_path)
D >   File "/usr/lib/python3.12/shutil.py", line 435, in copy
D >     copyfile(src, dst, follow_symlinks=follow_symlinks)
D >   File "/usr/lib/python3.12/shutil.py", line 260, in copyfile
D >     with open(src, 'rb') as fsrc:
D >          ^^^^^^^^^^^^^^^
D Processing step "Linker Scripts"
O * Linker Scripts
D cmd: "{'file': None, 'path': '/media/[XXX]/LnDisk_SD_ext4/Filu/GIT-REPO/ESP32/pressControl/build/esp-idf/esp_system/ld/memory.ld'}"
W warning: File "/media/[XXX]/LnDisk_SD_ext4/Filu/GIT-REPO/ESP32/pressControl/build/esp-idf/esp_system/ld/memory.ld" does not exist: [Errno 2] No such file or directory: '/media/[XXX]/LnDisk_SD_ext4/Filu/GIT-REPO/ESP32/pressControl/build/esp-idf/esp_system/ld/memory.ld'
D > exception <class 'FileNotFoundError'>: [Errno 2] No such file or directory: '/media/[XXX]/LnDisk_SD_ext4/Filu/GIT-REPO/ESP32/pressControl/build/esp-idf/esp_system/ld/memory.ld'
D >   File "/home/[XXX]/.espressif/python_env/idf6.0_py3.12_env/lib/python3.12/site-packages/esp_idf_diag/diag.py", line 845, in cmd_file
D >     shutil.copy(src, dst_path)
D >   File "/usr/lib/python3.12/shutil.py", line 435, in copy
D >     copyfile(src, dst, follow_symlinks=follow_symlinks)
D >   File "/usr/lib/python3.12/shutil.py", line 260, in copyfile
D >     with open(src, 'rb') as fsrc:
D >          ^^^^^^^^^^^^^^^
D cmd: "{'file': None, 'path': '/media/[XXX]/LnDisk_SD_ext4/Filu/GIT-REPO/ESP32/pressControl/build/esp-idf/esp_system/ld/sections.ld'}"
W warning: File "/media/[XXX]/LnDisk_SD_ext4/Filu/GIT-REPO/ESP32/pressControl/build/esp-idf/esp_system/ld/sections.ld" does not exist: [Errno 2] No such file or directory: '/media/[XXX]/LnDisk_SD_ext4/Filu/GIT-REPO/ESP32/pressControl/build/esp-idf/esp_system/ld/sections.ld'
D > exception <class 'FileNotFoundError'>: [Errno 2] No such file or directory: '/media/[XXX]/LnDisk_SD_ext4/Filu/GIT-REPO/ESP32/pressControl/build/esp-idf/esp_system/ld/sections.ld'
D >   File "/home/[XXX]/.espressif/python_env/idf6.0_py3.12_env/lib/python3.12/site-packages/esp_idf_diag/diag.py", line 845, in cmd_file
D >     shutil.copy(src, dst_path)
D >   File "/usr/lib/python3.12/shutil.py", line 435, in copy
D >     copyfile(src, dst, follow_symlinks=follow_symlinks)
D >   File "/usr/lib/python3.12/shutil.py", line 260, in copyfile
D >     with open(src, 'rb') as fsrc:
D >          ^^^^^^^^^^^^^^^
D Processing step "Flash Arguments"
O * Flash Arguments
D cmd: "{'file': None, 'path': '/media/[XXX]/LnDisk_SD_ext4/Filu/GIT-REPO/ESP32/pressControl/build/flash_app_args'}"
W warning: File "/media/[XXX]/LnDisk_SD_ext4/Filu/GIT-REPO/ESP32/pressControl/build/flash_app_args" does not exist: [Errno 2] No such file or directory: '/media/[XXX]/LnDisk_SD_ext4/Filu/GIT-REPO/ESP32/pressControl/build/flash_app_args'
D > exception <class 'FileNotFoundError'>: [Errno 2] No such file or directory: '/media/[XXX]/LnDisk_SD_ext4/Filu/GIT-REPO/ESP32/pressControl/build/flash_app_args'
D >   File "/home/[XXX]/.espressif/python_env/idf6.0_py3.12_env/lib/python3.12/site-packages/esp_idf_diag/diag.py", line 845, in cmd_file
D >     shutil.copy(src, dst_path)
D >   File "/usr/lib/python3.12/shutil.py", line 435, in copy
D >     copyfile(src, dst, follow_symlinks=follow_symlinks)
D >   File "/usr/lib/python3.12/shutil.py", line 260, in copyfile
D >     with open(src, 'rb') as fsrc:
D >          ^^^^^^^^^^^^^^^
D cmd: "{'file': None, 'path': '/media/[XXX]/LnDisk_SD_ext4/Filu/GIT-REPO/ESP32/pressControl/build/flash_args'}"
W warning: File "/media/[XXX]/LnDisk_SD_ext4/Filu/GIT-REPO/ESP32/pressControl/build/flash_args" does not exist: [Errno 2] No such file or directory: '/media/[XXX]/LnDisk_SD_ext4/Filu/GIT-REPO/ESP32/pressControl/build/flash_args'
D > exception <class 'FileNotFoundError'>: [Errno 2] No such file or directory: '/media/[XXX]/LnDisk_SD_ext4/Filu/GIT-REPO/ESP32/pressControl/build/flash_args'
D >   File "/home/[XXX]/.espressif/python_env/idf6.0_py3.12_env/lib/python3.12/site-packages/esp_idf_diag/diag.py", line 845, in cmd_file
D >     shutil.copy(src, dst_path)
D >   File "/usr/lib/python3.12/shutil.py", line 435, in copy
D >     copyfile(src, dst, follow_symlinks=follow_symlinks)
D >   File "/usr/lib/python3.12/shutil.py", line 260, in copyfile
D >     with open(src, 'rb') as fsrc:
D >          ^^^^^^^^^^^^^^^
D cmd: "{'file': None, 'path': '/media/[XXX]/LnDisk_SD_ext4/Filu/GIT-REPO/ESP32/pressControl/build/bootloader-flash_args'}"
W warning: File "/media/[XXX]/LnDisk_SD_ext4/Filu/GIT-REPO/ESP32/pressControl/build/bootloader-flash_args" does not exist: [Errno 2] No such file or directory: '/media/[XXX]/LnDisk_SD_ext4/Filu/GIT-REPO/ESP32/pressControl/build/bootloader-flash_args'
D > exception <class 'FileNotFoundError'>: [Errno 2] No such file or directory: '/media/[XXX]/LnDisk_SD_ext4/Filu/GIT-REPO/ESP32/pressControl/build/bootloader-flash_args'
D >   File "/home/[XXX]/.espressif/python_env/idf6.0_py3.12_env/lib/python3.12/site-packages/esp_idf_diag/diag.py", line 845, in cmd_file
D >     shutil.copy(src, dst_path)
D >   File "/usr/lib/python3.12/shutil.py", line 435, in copy
D >     copyfile(src, dst, follow_symlinks=follow_symlinks)
D >   File "/usr/lib/python3.12/shutil.py", line 260, in copyfile
D >     with open(src, 'rb') as fsrc:
D >          ^^^^^^^^^^^^^^^
D cmd: "{'file': None, 'path': '/media/[XXX]/LnDisk_SD_ext4/Filu/GIT-REPO/ESP32/pressControl/build/flash_bootloader_args'}"
W warning: File "/media/[XXX]/LnDisk_SD_ext4/Filu/GIT-REPO/ESP32/pressControl/build/flash_bootloader_args" does not exist: [Errno 2] No such file or directory: '/media/[XXX]/LnDisk_SD_ext4/Filu/GIT-REPO/ESP32/pressControl/build/flash_bootloader_args'
D > exception <class 'FileNotFoundError'>: [Errno 2] No such file or directory: '/media/[XXX]/LnDisk_SD_ext4/Filu/GIT-REPO/ESP32/pressControl/build/flash_bootloader_args'
D >   File "/home/[XXX]/.espressif/python_env/idf6.0_py3.12_env/lib/python3.12/site-packages/esp_idf_diag/diag.py", line 845, in cmd_file
D >     shutil.copy(src, dst_path)
D >   File "/usr/lib/python3.12/shutil.py", line 435, in copy
D >     copyfile(src, dst, follow_symlinks=follow_symlinks)
D >   File "/usr/lib/python3.12/shutil.py", line 260, in copyfile
D >     with open(src, 'rb') as fsrc:
D >          ^^^^^^^^^^^^^^^
D cmd: "{'file': None, 'path': '/media/[XXX]/LnDisk_SD_ext4/Filu/GIT-REPO/ESP32/pressControl/build/flasher_args.json'}"
W warning: File "/media/[XXX]/LnDisk_SD_ext4/Filu/GIT-REPO/ESP32/pressControl/build/flasher_args.json" does not exist: [Errno 2] No such file or directory: '/media/[XXX]/LnDisk_SD_ext4/Filu/GIT-REPO/ESP32/pressControl/build/flasher_args.json'
D > exception <class 'FileNotFoundError'>: [Errno 2] No such file or directory: '/media/[XXX]/LnDisk_SD_ext4/Filu/GIT-REPO/ESP32/pressControl/build/flasher_args.json'
D >   File "/home/[XXX]/.espressif/python_env/idf6.0_py3.12_env/lib/python3.12/site-packages/esp_idf_diag/diag.py", line 845, in cmd_file
D >     shutil.copy(src, dst_path)
D >   File "/usr/lib/python3.12/shutil.py", line 435, in copy
D >     copyfile(src, dst, follow_symlinks=follow_symlinks)
D >   File "/usr/lib/python3.12/shutil.py", line 260, in copyfile
D >     with open(src, 'rb') as fsrc:
D >          ^^^^^^^^^^^^^^^
D cmd: "{'file': None, 'path': '/media/[XXX]/LnDisk_SD_ext4/Filu/GIT-REPO/ESP32/pressControl/build/flash_project_args'}"
W warning: File "/media/[XXX]/LnDisk_SD_ext4/Filu/GIT-REPO/ESP32/pressControl/build/flash_project_args" does not exist: [Errno 2] No such file or directory: '/media/[XXX]/LnDisk_SD_ext4/Filu/GIT-REPO/ESP32/pressControl/build/flash_project_args'
D > exception <class 'FileNotFoundError'>: [Errno 2] No such file or directory: '/media/[XXX]/LnDisk_SD_ext4/Filu/GIT-REPO/ESP32/pressControl/build/flash_project_args'
D >   File "/home/[XXX]/.espressif/python_env/idf6.0_py3.12_env/lib/python3.12/site-packages/esp_idf_diag/diag.py", line 845, in cmd_file
D >     shutil.copy(src, dst_path)
D >   File "/usr/lib/python3.12/shutil.py", line 435, in copy
D >     copyfile(src, dst, follow_symlinks=follow_symlinks)
D >   File "/usr/lib/python3.12/shutil.py", line 260, in copyfile
D >     with open(src, 'rb') as fsrc:
D >          ^^^^^^^^^^^^^^^
D cmd: "{'file': None, 'path': '/media/[XXX]/LnDisk_SD_ext4/Filu/GIT-REPO/ESP32/pressControl/build/partition-table-flash_args'}"
W warning: File "/media/[XXX]/LnDisk_SD_ext4/Filu/GIT-REPO/ESP32/pressControl/build/partition-table-flash_args" does not exist: [Errno 2] No such file or directory: '/media/[XXX]/LnDisk_SD_ext4/Filu/GIT-REPO/ESP32/pressControl/build/partition-table-flash_args'
D > exception <class 'FileNotFoundError'>: [Errno 2] No such file or directory: '/media/[XXX]/LnDisk_SD_ext4/Filu/GIT-REPO/ESP32/pressControl/build/partition-table-flash_args'
D >   File "/home/[XXX]/.espressif/python_env/idf6.0_py3.12_env/lib/python3.12/site-packages/esp_idf_diag/diag.py", line 845, in cmd_file
D >     shutil.copy(src, dst_path)
D >   File "/usr/lib/python3.12/shutil.py", line 435, in copy
D >     copyfile(src, dst, follow_symlinks=follow_symlinks)
D >   File "/usr/lib/python3.12/shutil.py", line 260, in copyfile
D >     with open(src, 'rb') as fsrc:
D >          ^^^^^^^^^^^^^^^
D Processing step "Sdkconfig"
O * Sdkconfig
D cmd: "{'file': None, 'path': '/media/[XXX]/LnDisk_SD_ext4/Filu/GIT-REPO/ESP32/pressControl/sdkconfig'}"
W warning: File "/media/[XXX]/LnDisk_SD_ext4/Filu/GIT-REPO/ESP32/pressControl/sdkconfig" does not exist: [Errno 2] No such file or directory: '/media/[XXX]/LnDisk_SD_ext4/Filu/GIT-REPO/ESP32/pressControl/sdkconfig'
D > exception <class 'FileNotFoundError'>: [Errno 2] No such file or directory: '/media/[XXX]/LnDisk_SD_ext4/Filu/GIT-REPO/ESP32/pressControl/sdkconfig'
D >   File "/home/[XXX]/.espressif/python_env/idf6.0_py3.12_env/lib/python3.12/site-packages/esp_idf_diag/diag.py", line 845, in cmd_file
D >     shutil.copy(src, dst_path)
D >   File "/usr/lib/python3.12/shutil.py", line 435, in copy
D >     copyfile(src, dst, follow_symlinks=follow_symlinks)
D >   File "/usr/lib/python3.12/shutil.py", line 260, in copyfile
D >     with open(src, 'rb') as fsrc:
D >          ^^^^^^^^^^^^^^^
D Processing step "Logs"
O * Logs
D cmd: "{'glob': None, 'pattern': 'idf_py_stdout_output*', 'path': '/media/[XXX]/LnDisk_SD_ext4/Filu/GIT-REPO/ESP32/pressControl/build/log', 'regex': '^Command: ninja all$', 'output': 'build/', 'mtime': True}"
W warning: No files matching glob "idf_py_stdout_output*" found in "/media/[XXX]/LnDisk_SD_ext4/Filu/GIT-REPO/ESP32/pressControl/build/log"
D cmd: "{'glob': None, 'pattern': 'idf_py_stderr_output*', 'path': '/media/[XXX]/LnDisk_SD_ext4/Filu/GIT-REPO/ESP32/pressControl/build/log', 'regex': '^Command: ninja all$', 'output': 'build/', 'mtime': True}"
W warning: No files matching glob "idf_py_stderr_output*" found in "/media/[XXX]/LnDisk_SD_ext4/Filu/GIT-REPO/ESP32/pressControl/build/log"
D cmd: "{'glob': None, 'pattern': 'idf_py_stdout_output*', 'path': '/media/[XXX]/LnDisk_SD_ext4/Filu/GIT-REPO/ESP32/pressControl/build/log', 'regex': '^Command: ninja flash$', 'output': 'flash/', 'mtime': True}"
W warning: No files matching glob "idf_py_stdout_output*" found in "/media/[XXX]/LnDisk_SD_ext4/Filu/GIT-REPO/ESP32/pressControl/build/log"
D cmd: "{'glob': None, 'pattern': 'idf_py_stderr_output*', 'path': '/media/[XXX]/LnDisk_SD_ext4/Filu/GIT-REPO/ESP32/pressControl/build/log', 'regex': '^Command: ninja flash$', 'output': 'flash/', 'mtime': True}"
W warning: No files matching glob "idf_py_stderr_output*" found in "/media/[XXX]/LnDisk_SD_ext4/Filu/GIT-REPO/ESP32/pressControl/build/log"
D cmd: "{'glob': None, 'pattern': 'idf_py_stdout_output*', 'path': '/media/[XXX]/LnDisk_SD_ext4/Filu/GIT-REPO/ESP32/pressControl/build/log', 'regex': '^Command: .*idf_monitor.py.*$', 'output': 'monitor/', 'mtime': True}"
W warning: No files matching glob "idf_py_stdout_output*" found in "/media/[XXX]/LnDisk_SD_ext4/Filu/GIT-REPO/ESP32/pressControl/build/log"
D cmd: "{'glob': None, 'pattern': 'idf_py_stderr_output*', 'path': '/media/[XXX]/LnDisk_SD_ext4/Filu/GIT-REPO/ESP32/pressControl/build/log', 'regex': '^Command: .*idf_monitor.py.*$', 'output': 'monitor/', 'mtime': True}"
W warning: No files matching glob "idf_py_stderr_output*" found in "/media/[XXX]/LnDisk_SD_ext4/Filu/GIT-REPO/ESP32/pressControl/build/log"
D Processing step "Link Map File"
O * Link Map File
D cmd: "{'glob': None, 'pattern': '*.map', 'path': '/media/[XXX]/LnDisk_SD_ext4/Filu/GIT-REPO/ESP32/pressControl/build'}"
W warning: No files matching glob "*.map" found in "/media/[XXX]/LnDisk_SD_ext4/Filu/GIT-REPO/ESP32/pressControl/build"
D Processing recipe "ESP-IDF python and virtual environment information" file "/home/[XXX]/.espressif/python_env/idf6.0_py3.12_env/lib/python3.12/site-packages/esp_idf_diag/data/recipes/python.yml"
O ESP-IDF python and virtual environment information
D Processing step "Python Version"
O * Python Version
D cmd: "{'exec': None, 'cmd': 'python --version', 'output': 'python.ver'}"
D Processing step "Python Virtual Environment Packages"
O * Python Virtual Environment Packages
D cmd: "{'exec': None, 'cmd': 'python -m pip freeze', 'output': 'pip.freeze'}"
D cmd: "{'exec': None, 'cmd': 'python -m pip list', 'output': 'pip.list'}"
D Processing recipe "System information" file "/home/[XXX]/.espressif/python_env/idf6.0_py3.12_env/lib/python3.12/site-packages/esp_idf_diag/data/recipes/system.yml"
O System information
D Processing step "Platform Information"
O * Platform Information
D cmd: "{'exec': None, 'cmd': ['python', '-c', "import platform\nprint(f'system: {platform.system()}')\nprint(f'release: {platform.release()}')\nprint(f'machine: {platform.machine()}')\n"], 'output': 'platform.inf'}"
D Processing step "Linux System Information"
O * Linux System Information
D cmd: "{'file': None, 'path': '/proc/cpuinfo'}"
D cmd: "{'file': None, 'path': '/etc/os-release'}"
D cmd: "{'exec': None, 'cmd': 'uname -a', 'output': 'uname'}"
D Skipping step "Darwin Information" for "Darwin"
D Skipping step "Windows Information" for "Windows"
D Processing recipe "Target information" file "/home/[XXX]/.espressif/python_env/idf6.0_py3.12_env/lib/python3.12/site-packages/esp_idf_diag/data/recipes/target.yml"
O Target information
D Skipping step "Esptool - flash_id" requires device serial port
D Skipping step "Esptool - get_security_info" requires device serial port
D Skipping step "Espefuse - summary" requires device serial port
D Processing recipe "ESP-IDF tools information" file "/home/[XXX]/.espressif/python_env/idf6.0_py3.12_env/lib/python3.12/site-packages/esp_idf_diag/data/recipes/tools.yml"
O ESP-IDF tools information
D Processing step "ESP-IDF Tools Info"
O * ESP-IDF Tools Info
D cmd: "{'exec': None, 'cmd': 'python /media/[XXX]/LnDisk_SD_ext4/Filu/GIT-REPO/ESP32/esp/esp-idf/tools/idf_tools.py check', 'output': 'tools.check'}"
D cmd: "{'exec': None, 'cmd': 'python /media/[XXX]/LnDisk_SD_ext4/Filu/GIT-REPO/ESP32/esp/esp-idf/tools/idf_tools.py list', 'output': 'tools.list'}"
D Report is done.
